// Jest Snapshot v1, https://goo.gl/fbAQLP

exports[`VHereGeocoderAutocomplete.vue renders and match snapshot 1`] = `
<div class="v-input theme--light v-text-field v-select v-autocomplete">
  <div class="v-input__prepend-outer">
    <div class="v-input__icon v-input__icon--prepend"><i aria-hidden="true" class="v-icon notranslate mdi mdi-map-marker theme--light"></i></div>
  </div>
  <div class="v-input__control">
    <div role="combobox" aria-haspopup="listbox" aria-expanded="false" aria-owns="list-2" class="v-input__slot">
      <div class="v-select__slot"><input id="input-2" type="text" autocomplete="off">
        <div class="v-input__append-inner">
          <div class="v-input__icon v-input__icon--append"><i aria-hidden="true" class="v-icon notranslate mdi mdi-menu-down theme--light"></i></div>
        </div><input type="hidden" value="[object Object]">
      </div>
      <div class="v-menu">
        <!---->
      </div>
    </div>
    <div class="v-text-field__details">
      <div class="v-messages theme--light">
        <transition-group-stub tag="div" name="message-transition" class="v-messages__wrapper"></transition-group-stub>
      </div>
    </div>
  </div>
</div>
`;
